// Jest Snapshot v1, https://goo.gl/fbAQLP

exports[`Render ErrorScreen 1`] = `
<section>
  <p>
    Произошла ошибка загрузки данных!!!
  </p>
  <p>
    Попробуйте перезагрузить страницу.
  </p>
  <p>
    В случае повторной ошибки попробуйте повторить попытку позднее
  </p>
</section>
`;
