// Jest Snapshot v1, https://goo.gl/fbAQLP

exports[`Render WithAudio HOC 1`] = `
<div>
  <audio />
</div>
`;
